<area shape="rect" href="$chm__common_8c.html" title="chm_common.c" alt="" coords="5,84,128,111">
<area shape="rect" href="$CHMfactor_8h.html" title="CHMfactor.h" alt="" coords="152,84,256,111">
<area shape="rect" href="$init_8c.html" title="init.c" alt="" coords="268,161,319,188">
<area shape="rect" href="$Csparse_8c.html" title="Csparse.c" alt="" coords="571,84,656,111">
<area shape="rect" href="$dense_8c.html" title="dense.c" alt="" coords="680,84,749,111">
<area shape="rect" href="$dgCMatrix_8c.html" title="dgCMatrix.c" alt="" coords="773,84,872,111">
<area shape="rect" href="$dgTMatrix_8c.html" title="dgTMatrix.c" alt="" coords="896,84,992,111">
<area shape="rect" href="$dsCMatrix_8h.html" title="dsCMatrix.h" alt="" coords="331,84,429,111">
<area shape="rect" href="$dtTMatrix_8h.html" title="dtTMatrix.h" alt="" coords="453,84,547,111">
<area shape="rect" href="$Tsparse_8c.html" title="Tsparse.c" alt="" coords="1016,84,1093,111">
<area shape="rect" href="$CHMfactor_8c.html" title="CHMfactor.c" alt="" coords="143,161,244,188">
<area shape="rect" href="$dsCMatrix_8c.html" title="dsCMatrix.c" alt="" coords="343,161,441,188">
<area shape="rect" href="$dtTMatrix_8c.html" title="dtTMatrix.c" alt="" coords="465,161,559,188">
