<area shape="rect" href="$chm__common_8c.html" title="chm_common.c" alt="" coords="5,82,120,106">
<area shape="rect" href="$CHMfactor_8h.html" title="CHMfactor.h" alt="" coords="144,82,237,106">
<area shape="rect" href="$init_8c.html" title="init.c" alt="" coords="251,156,299,180">
<area shape="rect" href="$Csparse_8c.html" title="Csparse.c" alt="" coords="539,82,619,106">
<area shape="rect" href="$dense_8c.html" title="dense.c" alt="" coords="643,82,709,106">
<area shape="rect" href="$dgCMatrix_8c.html" title="dgCMatrix.c" alt="" coords="733,82,824,106">
<area shape="rect" href="$dgTMatrix_8c.html" title="dgTMatrix.c" alt="" coords="848,82,939,106">
<area shape="rect" href="$dsCMatrix_8h.html" title="dsCMatrix.h" alt="" coords="312,82,403,106">
<area shape="rect" href="$dtTMatrix_8h.html" title="dtTMatrix.h" alt="" coords="427,82,515,106">
<area shape="rect" href="$Tsparse_8c.html" title="Tsparse.c" alt="" coords="963,82,1040,106">
<area shape="rect" href="$CHMfactor_8c.html" title="CHMfactor.c" alt="" coords="133,156,227,180">
<area shape="rect" href="$dsCMatrix_8c.html" title="dsCMatrix.c" alt="" coords="323,156,413,180">
<area shape="rect" href="$dtTMatrix_8c.html" title="dtTMatrix.c" alt="" coords="437,156,525,180">
