<area shape="rect" href="$CHMfactor_8h.html#ae1511a0bca842168f9bf6ae554eda88" title="CHMfactor_spsolve" alt="" coords="256,5,403,32">
<area shape="rect" href="$CHMfactor_8h.html#65d766e6b16a370b3057acf81b4c6f1a" title="CHMfactor_to_sparse" alt="" coords="248,56,411,83">
<area shape="rect" href="$Csparse_8h.html#546eddc63011f2f2af462894dbec7dc9" title="Csparse_band" alt="" coords="273,107,385,133">
<area shape="rect" href="$Csparse_8h.html#407589b56b662830f7a14b251a8c4da3" title="Csparse_crossprod" alt="" coords="257,157,401,184">
<area shape="rect" href="$Csparse_8h.html#6c4e110d10721580b2b43969800dfdb2" title="Csparse_Csparse_crossprod" alt="" coords="228,208,431,235">
<area shape="rect" href="$Csparse_8h.html#8414bce86d0916499c2d63f70728176b" title="Csparse_Csparse_prod" alt="" coords="244,259,415,285">
<area shape="rect" href="$Csparse_8h.html#0cc8d2f7047736ee111b11cb2faeaf11" title="Csparse_diagU2N" alt="" coords="261,309,397,336">
<area shape="rect" href="$Csparse_8h.html#1d165b31075f32ee0ca273f51c13f9df" title="Csparse_drop" alt="" coords="275,360,384,387">
<area shape="rect" href="$Csparse_8h.html#24241833bc1fbb9c17404ee109ef50fd" title="Csparse_general_to_symmetric" alt="" coords="217,411,441,437">
<area shape="rect" href="$Csparse_8h.html#8973a306b51dbd6b2b66b21185bf048a" title="Csparse_horzcat" alt="" coords="265,461,393,488">
<area shape="rect" href="$Csparse_8h.html#bfee8cfe834c57a1bb2144ee157b83dc" title="Csparse_submatrix" alt="" coords="256,512,403,539">
<area shape="rect" href="$Csparse_8h.html#1fe70f89e424351c54c9bf4ba618ae65" title="Csparse_symmetric_to_general" alt="" coords="217,563,441,589">
<area shape="rect" href="$Csparse_8h.html#9e26da2b0832ca4dc2f4cb894705bcdd" title="Csparse_to_nz_pattern" alt="" coords="244,613,415,640">
<area shape="rect" href="$Csparse_8h.html#ab695b6af65c32eac1776cf04c661518" title="Csparse_transpose" alt="" coords="257,664,401,691">
<area shape="rect" href="$Csparse_8h.html#913d061ccf8536244aae6b7157c105f1" title="Csparse_vertcat" alt="" coords="265,715,393,741">
<area shape="rect" href="$dense_8h.html#33b46f3a16a95734d4875ddfbfa079cb" title="dense_to_Csparse" alt="" coords="260,765,399,792">
<area shape="rect" href="$dsCMatrix_8h.html#326fdb98f74608895abd9df179158253" title="dsCMatrix_chol" alt="" coords="269,816,389,843">
<area shape="rect" href="$dsCMatrix_8h.html#6e9761126a72d9a9f543ea82978b6ae9" title="dsCMatrix_Csparse_solve" alt="" coords="236,867,423,893">
<area shape="rect" href="$dtTMatrix_8h.html#029f61a50f10da98b488d1158f2965ae" title="dtTMatrix_as_dgCMatrix" alt="" coords="240,917,419,944">
<area shape="rect" href="$init_8c.html#3c984b3c92aeb789d5679e2aae8b8eac" title="R_init_Matrix" alt="" coords="277,968,381,995">
<area shape="rect" href="$Tsparse_8h.html#38a8590614d3fdaae83578d4f9dc9032" title="Tsparse_to_Csparse" alt="" coords="256,1019,403,1045">
