<area shape="rect" href="$cs_8h.html#633a0b0214f3ee86a27adf6ee6dea640" title="cs_amd" alt="" coords="175,5,244,32">
<area shape="rect" href="$cs_8c.html#e296f1a9ad0b70efedc382fae12e028b" title="cs_bfs" alt="" coords="179,56,240,83">
<area shape="rect" href="$cs_8h.html#312cb23797ac49cd9e99853f6bd2895f" title="cs_ddone" alt="" coords="169,107,249,133">
<area shape="rect" href="$cs_8h.html#41590e7ef8c8f3ebce8c7bbe07303c28" title="cs_done" alt="" coords="173,157,245,184">
<area shape="rect" href="$cs_8h.html#9c3bd8e36cdfb832d199b580e22467c7" title="cs_idone" alt="" coords="172,208,247,235">
<area shape="rect" href="$cs_8h.html#12eb66c4f53e51ee5e03ec0b9f24b368" title="cs_load" alt="" coords="176,259,243,285">
<area shape="rect" href="$cs_8h.html#24796e2f78414578fd2b8e7528535cbb" title="cs_ndone" alt="" coords="169,309,249,336">
<area shape="rect" href="$cs_8h.html#f2e6d75dfc24a842fdbce3aa510dc4bc" title="cs_nfree" alt="" coords="172,360,247,387">
<area shape="rect" href="$cs_8h.html#f1cde25f7d702464291dd2a7e85b4770" title="cs_qrsol" alt="" coords="173,411,245,437">
<area shape="rect" href="$cs_8h.html#7c5aa6c4fadeba20b904a1c56b4543f5" title="cs_schol" alt="" coords="173,461,245,488">
<area shape="rect" href="$cs_8h.html#ad3a584d9185a4fe4497a36f892b9c72" title="cs_spalloc" alt="" coords="168,512,251,539">
<area shape="rect" href="$cs_8h.html#31db4da8e996966094f83c7601dc08ff" title="cs_sqr" alt="" coords="179,563,240,589">
<area shape="rect" href="$dgCMatrix_8h.html#fbcd07ccafaa2ee0299b8d1972748a9c" title="dgCMatrix_LU" alt="" coords="332,639,447,665">
<area shape="rect" href="$dgCMatrix_8h.html#2d37aad3c93e57b6dbafbf8a337273e8" title="dgCMatrix_QR" alt="" coords="332,715,447,741">
<area shape="rect" href="$dtCMatrix_8h.html#f330357afa35bc1adf831118c1d440ee" title="dtCMatrix_solve" alt="" coords="147,715,272,741">
<area shape="rect" href="$cs__utils_8c.html#e53880c709c9977b041217226c202deb" title="Copy the contents of a to an appropriate CsparseMatrix object and, optionally, free..." alt="" coords="137,664,281,691">
<area shape="rect" href="$cs_8h.html#e2efa3ed8c8a2931e584b6d39a293e38" title="cs_dmperm" alt="" coords="341,56,437,83">
