<area shape="rect" href="$cs_8h.html#633a0b0214f3ee86a27adf6ee6dea640" title="cs_amd" alt="" coords="184,5,253,32">
<area shape="rect" href="$cs_8c.html#e296f1a9ad0b70efedc382fae12e028b" title="cs_bfs" alt="" coords="188,56,249,83">
<area shape="rect" href="$cs_8h.html#a7fdeead97aef81cdf18af7576a7f722" title="cs_counts" alt="" coords="177,107,260,133">
<area shape="rect" href="$cs_8h.html#0404ef3688f241d15729b5c54c59a704" title="cs_maxtrans" alt="" coords="167,157,271,184">
<area shape="rect" href="$cs_8h.html#f1cde25f7d702464291dd2a7e85b4770" title="cs_qrsol" alt="" coords="183,208,255,235">
<area shape="rect" href="$cs_8h.html#9fede5f7dcf4367d7d005ca6dd0ba100" title="cs_scc" alt="" coords="188,259,249,285">
<area shape="rect" href="$dgCMatrix_8h.html#fbcd07ccafaa2ee0299b8d1972748a9c" title="dgCMatrix_LU" alt="" coords="161,309,276,336">
<area shape="rect" href="$dgCMatrix_8h.html#2d37aad3c93e57b6dbafbf8a337273e8" title="dgCMatrix_QR" alt="" coords="161,360,276,387">
<area shape="rect" href="$cs_8h.html#e2efa3ed8c8a2931e584b6d39a293e38" title="cs_dmperm" alt="" coords="327,56,423,83">
