<area shape="rect" href="$cs_8h.html#661c215839fe06dfed360d022188abad" title="cs_cholsol" alt="" coords="168,5,251,29">
<area shape="rect" href="$cs_8h.html#2ecf7b79f04b1f14554e67d3522b0ad4" title="cs_lusol" alt="" coords="175,53,244,77">
<area shape="rect" href="$cs_8h.html#f1cde25f7d702464291dd2a7e85b4770" title="cs_qrsol" alt="" coords="175,101,244,125">
<area shape="rect" href="$dgCMatrix_8h.html#eae674c1f247043d2e34fe45d4239769" title="dgCMatrix_matrix_solve" alt="" coords="129,149,289,173">
<area shape="rect" href="$sparseQR_8h.html#614549a94002c7e1407cde03a911e16a" title="sparseQR_coef" alt="" coords="359,199,471,223">
<area shape="rect" href="$sparseQR_8c.html#d4bb283bd0128438e01523e07feb4993" title="Apply Householder transformations and the row permutation P to y." alt="" coords="149,248,269,272">
<area shape="rect" href="$dgCMatrix_8h.html#b39afc804422ac41e7e017dc4637a52a" title="dgCMatrix_lusol" alt="" coords="357,53,472,77">
<area shape="rect" href="$dgCMatrix_8h.html#5937063a2f86fc60d92f942eb9425b86" title="dgCMatrix_qrsol" alt="" coords="357,101,472,125">
<area shape="rect" href="$sparseQR_8h.html#77c75b1c89f4e32f426420faa76275a9" title="sparseQR_qty" alt="" coords="363,247,467,271">
<area shape="rect" href="$sparseQR_8h.html#43eb94cb27f10aedba5ce50939a9b45c" title="sparseQR_resid_fitted" alt="" coords="340,295,489,319">
