<area shape="rect" href="$cs_8c.html" title="cs.c" alt="" coords="113,84,159,111">
<area shape="rect" href="$cs__utils_8h.html" title="cs_utils.h" alt="" coords="183,84,260,111">
<area shape="rect" href="$cs__utils_8c.html" title="cs_utils.c" alt="" coords="5,161,83,188">
<area shape="rect" href="$dgCMatrix_8h.html" title="dgCMatrix.h" alt="" coords="273,161,375,188">
<area shape="rect" href="$dtCMatrix_8c.html" title="dtCMatrix.c" alt="" coords="231,316,327,343">
<area shape="rect" href="$sparseQR_8h.html" title="sparseQR.h" alt="" coords="536,161,632,188">
<area shape="rect" href="$dgCMatrix_8c.html" title="dgCMatrix.c" alt="" coords="275,239,373,265">
<area shape="rect" href="$dtCMatrix_8h.html" title="dtCMatrix.h" alt="" coords="397,239,496,265">
<area shape="rect" href="$init_8c.html" title="init.c" alt="" coords="508,316,559,343">
<area shape="rect" href="$lgCMatrix_8c.html" title="lgCMatrix.c" alt="" coords="157,239,251,265">
<area shape="rect" href="$sparseQR_8c.html" title="sparseQR.c" alt="" coords="621,239,715,265">
