<area shape="rect" href="$Mutils_8h.html#f7f59236ca18ab52131cf71f4a7b0786" title="Allocate an SEXP of given type and length, assign it as slot nm in the object, and..." alt="" coords="380,5,489,32">
<area shape="rect" href="$cs_8c.html#50c30e47141ef37dbb4b342e1b4ba924" title="cs_dropzeros" alt="" coords="189,157,293,184">
<area shape="rect" href="$cs_8c.html#78c1d1194aacc65212bb0d2b03643ac7" title="cs_free" alt="" coords="208,208,275,235">
<area shape="rect" href="$cs_8c.html#6a35ad4816f210234a33eed09b19d181" title="cs_lu" alt="" coords="216,259,267,285">
<area shape="rect" href="$cs_8c.html#f2e6d75dfc24a842fdbce3aa510dc4bc" title="cs_nfree" alt="" coords="204,309,279,336">
<area shape="rect" href="$cs_8c.html#4ddf83c074fafd1120be9fbbfa4a29f9" title="cs_pinv" alt="" coords="208,360,275,387">
<area shape="rect" href="$cs_8c.html#ce766075ef439ad6e4347f6b076eb4b7" title="cs_sfree" alt="" coords="204,411,279,437">
<area shape="rect" href="$cs_8c.html#6d705e404a7831ccf01bc0ea064215b9" title="cs_spfree" alt="" coords="393,56,476,83">
<area shape="rect" href="$cs_8c.html#31db4da8e996966094f83c7601dc08ff" title="cs_sqr" alt="" coords="211,461,272,488">
<area shape="rect" href="$cs_8c.html#090225477a18abe5f8d5ab26e4efaf3a" title="cs_transpose" alt="" coords="189,512,293,539">
<area shape="rect" href="$Mutils_8c.html#c8a9910ab35d85d32c6801477c2e6622" title="get_factors" alt="" coords="195,563,288,589">
<area shape="rect" href="$cs__utils_8c.html#e53880c709c9977b041217226c202deb" title="Copy the contents of a to an appropriate CsparseMatrix object and, optionally, free..." alt="" coords="169,107,313,133">
<area shape="rect" href="$Mutils_8c.html#cb9e30480c757f0c780a5d94853b7284" title="set_factors" alt="" coords="195,613,288,640">
<area shape="rect" href="$cs__utils_8c.html#0b2592041f5b822459b7052a451c07a5" title="is_sym" alt="" coords="403,107,467,133">
<area shape="rect" href="$Mutils_8h.html#2206f293e563a99c83fa8480b7e26912" title="Return the 0&#45;based index of a string match in a vector of strings terminated by an..." alt="" coords="364,157,505,184">
