<area shape="rect" href="$Mutils_8h.html" title="Mutils.h" alt="" coords="1463,316,1532,343">
<area shape="rect" href="$Syms_8h.html" title="Syms.h" alt="" coords="283,393,352,420">
<area shape="rect" href="$chm__common_8h.html" title="chm_common.h" alt="" coords="1236,161,1361,188">
<area shape="rect" href="$CHMfactor_8h.html" title="CHMfactor.h" alt="" coords="1071,84,1175,111">
<area shape="rect" href="$Csparse_8h.html" title="Csparse.h" alt="" coords="1989,161,2075,188">
<area shape="rect" href="$Tsparse_8h.html" title="Tsparse.h" alt="" coords="2099,161,2179,188">
<area shape="rect" href="$dense_8h.html" title="dense.h" alt="" coords="43,239,115,265">
<area shape="rect" href="$dgCMatrix_8h.html" title="dgCMatrix.h" alt="" coords="1864,161,1965,188">
<area shape="rect" href="$dgTMatrix_8h.html" title="dgTMatrix.h" alt="" coords="857,161,953,188">
<area shape="rect" href="$dgeMatrix_8h.html" title="dgeMatrix.h" alt="" coords="240,239,339,265">
<area shape="rect" href="$dpoMatrix_8h.html" title="dpoMatrix.h" alt="" coords="771,239,869,265">
<area shape="rect" href="$dppMatrix_8h.html" title="dppMatrix.h" alt="" coords="325,84,424,111">
<area shape="rect" href="$dspMatrix_8h.html" title="dspMatrix.h" alt="" coords="241,161,337,188">
<area shape="rect" href="$dsCMatrix_8h.html" title="dsCMatrix.h" alt="" coords="1249,84,1348,111">
<area shape="rect" href="$TMatrix__as_8h.html" title="TMatrix_as.h" alt="" coords="977,161,1079,188">
<area shape="rect" href="$dsyMatrix_8h.html" title="dsyMatrix.h" alt="" coords="651,239,747,265">
<area shape="rect" href="$dtCMatrix_8h.html" title="dtCMatrix.h" alt="" coords="1809,84,1908,111">
<area shape="rect" href="$dtTMatrix_8h.html" title="dtTMatrix.h" alt="" coords="1372,84,1465,111">
<area shape="rect" href="$dtrMatrix_8h.html" title="dtrMatrix.h" alt="" coords="363,239,456,265">
<area shape="rect" href="$dtpMatrix_8h.html" title="dtpMatrix.h" alt="" coords="480,239,576,265">
<area shape="rect" href="$factorizations_8h.html" title="factorizations.h" alt="" coords="1517,161,1637,188">
<area shape="rect" href="$ldense_8h.html" title="ldense.h" alt="" coords="1540,84,1615,111">
<area shape="rect" href="$lgCMatrix_8h.html" title="lgCMatrix.h" alt="" coords="1639,84,1735,111">
<area shape="rect" href="$sparseQR_8h.html" title="sparseQR.h" alt="" coords="2203,161,2299,188">
<area shape="rect" href="$cs__utils_8h.html" title="cs_utils.h" alt="" coords="2200,239,2277,265">
<area shape="rect" href="$cs_8h.html" title="cs.h" alt="" coords="2216,316,2261,343">
