<area shape="rect" href="$chm__common_8h.html#c0552f8d5248824ec90a314b69bd1408" title="Copy the contents of a to an appropriate denseMatrix object and, optionally, free..." alt="" coords="168,125,317,149">
<area shape="rect" href="$chm__common_8h.html#b819ab14a3e30e850191896d33089b94" title="Copy the contents of f to an appropriate CHMfactor object and, optionally, free f..." alt="" coords="169,369,316,393">
<area shape="rect" href="$chm__common_8h.html#7aa1a6e564c24a55b031b5c03b3313f4" title="Copy the contents of a to an appropriate CsparseMatrix object and, optionally, free..." alt="" coords="167,735,319,759">
<area shape="rect" href="$chm__common_8h.html#b5d31c23691cc4a3c96a7f526dc84006" title="Copy the contents of a to an appropriate TsparseMatrix object and, optionally, free..." alt="" coords="400,493,547,517">
<area shape="rect" href="$dgCMatrix_8h.html#d3b5c3bc224c09316427f7e86e4e8a86" title="compressed_to_TMatrix" alt="" coords="163,783,323,807">
<area shape="rect" href="$dgCMatrix_8h.html#fbcd07ccafaa2ee0299b8d1972748a9c" title="dgCMatrix_LU" alt="" coords="421,1075,525,1099">
<area shape="rect" href="$dgCMatrix_8h.html#2d37aad3c93e57b6dbafbf8a337273e8" title="dgCMatrix_QR" alt="" coords="420,1483,527,1507">
<area shape="rect" href="$dgeMatrix_8h.html#1d6cfeb6b881161af7296a438c4bf1b3" title="dgeMatrix_crossprod" alt="" coords="172,932,313,956">
<area shape="rect" href="$dgeMatrix_8h.html#b666ff2da2d98c91e4842dd563ac945f" title="dgeMatrix_LU" alt="" coords="192,980,293,1004">
<area shape="rect" href="$dgeMatrix_8h.html#cf21cab0cdce9d8e08d40584cbe0647c" title="dgeMatrix_matrix_mm" alt="" coords="168,1028,317,1052">
<area shape="rect" href="$dpoMatrix_8h.html#a951f7c9871735266da55e7d92a6ae58" title="dpoMatrix_chol" alt="" coords="419,1024,528,1048">
<area shape="rect" href="$dspMatrix_8h.html#2cab43904a971c57f55dddc031c0f897" title="dspMatrix_as_dsyMatrix" alt="" coords="161,1124,324,1148">
<area shape="rect" href="$dspMatrix_8h.html#54f1c211fe36a020c613498e295f6365" title="dspMatrix_trf" alt="" coords="195,1172,291,1196">
<area shape="rect" href="$dsyMatrix_8h.html#232ea460adfa12a96c5ef4a26d19862e" title="dsyMatrix_as_dspMatrix" alt="" coords="161,1220,324,1244">
<area shape="rect" href="$dsyMatrix_8h.html#e436ba23f7410148775ce808f08d1210" title="dsyMatrix_trf" alt="" coords="195,1268,291,1292">
<area shape="rect" href="$dtCMatrix_8h.html#118c095d59c9a257885d3aec3aa59268" title="dtCMatrix_matrix_solve" alt="" coords="164,1316,321,1340">
<area shape="rect" href="$dtCMatrix_8h.html#4370f8d80c77fc815ac826f457e4960b" title="dtCMatrix_sparse_solve" alt="" coords="163,1364,323,1388">
<area shape="rect" href="$dtpMatrix_8h.html#dde075ebf8bf3e96d25ce191d7a747ca" title="dtpMatrix_as_dtrMatrix" alt="" coords="165,1412,320,1436">
<area shape="rect" href="$dtrMatrix_8h.html#3fe60655d1544bd661d62f1f3e86d92f" title="dtrMatrix_as_dtpMatrix" alt="" coords="165,1460,320,1484">
<area shape="rect" href="$Mutils_8h.html#23764b1c8334e40406598a0446cc8bc5" title="dup_mMatrix_as_geMatrix" alt="" coords="156,1508,329,1532">
<area shape="rect" href="$t__gCMatrix__colSums_8c.html#219a05baa8d090c70aaa52830e25a7b3" title="gCMatrix_colSums" alt="" coords="177,1556,308,1580">
<area shape="rect" href="$ldense_8h.html#c1ba7ec4c96aad29844f8cb812e4d280" title="lspMatrix_as_lsyMatrix" alt="" coords="165,1604,320,1628">
<area shape="rect" href="$ldense_8h.html#a29c0c324f440f575bb115543d599f86" title="lsyMatrix_as_lspMatrix" alt="" coords="165,1652,320,1676">
<area shape="rect" href="$ldense_8h.html#e2d091c48281f6b782dd9b8fbd9d0788" title="ltpMatrix_as_ltrMatrix" alt="" coords="169,1700,316,1724">
<area shape="rect" href="$ldense_8h.html#dec1048daf414729034a60e82ce13f83" title="ltrMatrix_as_ltpMatrix" alt="" coords="169,1748,316,1772">
<area shape="rect" href="$factorizations_8h.html#0ec00f455c00bf1b862139fe6d4a265a" title="LU_expand" alt="" coords="200,1796,285,1820">
<area shape="rect" href="$cs__utils_8c.html#e53880c709c9977b041217226c202deb" title="Copy the contents of a to an appropriate CsparseMatrix object and, optionally, free..." alt="" coords="173,1076,312,1100">
<area shape="rect" href="$Mutils_8h.html#2802c3f504e089a00a97c6c0e97bee21" title="new_dgeMatrix" alt="" coords="189,1895,296,1919">
<area shape="rect" href="$dgCMatrix_8h.html#c71c15cfb9558156fb98c0f1cad60922" title="R_to_CMatrix" alt="" coords="193,1943,292,1967">
<area shape="rect" href="$Tsparse_8h.html#1b1ca7081cfcbef11f1cafc4270412ed" title="Tsparse_diagU2N" alt="" coords="181,1991,304,2015">
<area shape="rect" href="$CHMfactor_8h.html#8651ba67f85b2a18a8b2b1b23a392219" title="CHMfactor_solve" alt="" coords="413,200,533,224">
<area shape="rect" href="$Csparse_8h.html#ef1a61ab6f25436301b8ee835106c23b" title="Csparse_dense_crossprod" alt="" coords="385,5,561,29">
<area shape="rect" href="$Csparse_8h.html#fec5dcac16fd72028456b98704632f1e" title="Csparse_dense_prod" alt="" coords="401,53,545,77">
<area shape="rect" href="$Csparse_8h.html#b78e05571230070d4afb830b2e82134c" title="Csparse_to_dense" alt="" coords="409,101,537,125">
<area shape="rect" href="$dsCMatrix_8h.html#e03dda286063199c0f670425084f0f2d" title="dsCMatrix_matrix_solve" alt="" coords="617,224,777,248">
<area shape="rect" href="$CHMfactor_8h.html#afc574f19837b7c6879c395a382444b0" title="CHMfactor_update" alt="" coords="409,395,537,419">
<area shape="rect" href="$dgCMatrix_8h.html#f7d6aca940ff91850aa82c28fac47a66" title="dgCMatrix_cholsol" alt="" coords="409,248,537,272">
<area shape="rect" href="$dsCMatrix_8h.html#f424de259d431a9c8719a23188265887" title="dsCMatrix_Cholesky" alt="" coords="627,321,768,345">
<area shape="rect" href="$dsCMatrix_8c.html#9c9746e3464cc26aa2abfc21dbf2a130" title="Return a CHOLMOD copy of the cached Cholesky decomposition with the required perm..." alt="" coords="405,296,541,320">
<area shape="rect" href="$init_8c.html#3c984b3c92aeb789d5679e2aae8b8eac" title="R_init_Matrix" alt="" coords="649,541,745,565">
<area shape="rect" href="$CHMfactor_8h.html#ae1511a0bca842168f9bf6ae554eda88" title="CHMfactor_spsolve" alt="" coords="405,784,541,808">
<area shape="rect" href="$CHMfactor_8h.html#65d766e6b16a370b3057acf81b4c6f1a" title="CHMfactor_to_sparse" alt="" coords="400,832,547,856">
<area shape="rect" href="$Csparse_8h.html#546eddc63011f2f2af462894dbec7dc9" title="Csparse_band" alt="" coords="421,880,525,904">
<area shape="rect" href="$Csparse_8h.html#407589b56b662830f7a14b251a8c4da3" title="Csparse_crossprod" alt="" coords="407,928,540,952">
<area shape="rect" href="$Csparse_8h.html#6c4e110d10721580b2b43969800dfdb2" title="Csparse_Csparse_crossprod" alt="" coords="380,976,567,1000">
<area shape="rect" href="$Csparse_8h.html#8414bce86d0916499c2d63f70728176b" title="Csparse_Csparse_prod" alt="" coords="396,589,551,613">
<area shape="rect" href="$Csparse_8h.html#316d9d78254bf71714b3e44ac4ec6b01" title="Csparse_diagN2U" alt="" coords="411,637,536,661">
<area shape="rect" href="$dtCMatrix_8h.html#0cc8d2f7047736ee111b11cb2faeaf11" title="Csparse_diagU2N" alt="" coords="411,541,536,565">
<area shape="rect" href="$Csparse_8h.html#1d165b31075f32ee0ca273f51c13f9df" title="Csparse_drop" alt="" coords="423,736,524,760">
