<area shape="rect" href="$CHMfactor_8h.html#8651ba67f85b2a18a8b2b1b23a392219" title="CHMfactor_solve" alt="" coords="276,5,409,32">
<area shape="rect" href="$dense_8h.html#92039c194805c45106e189dd6e1a9a5d" title="ddense_band" alt="" coords="289,56,396,83">
<area shape="rect" href="$dgCMatrix_8h.html#eae674c1f247043d2e34fe45d4239769" title="dgCMatrix_matrix_solve" alt="" coords="253,107,432,133">
<area shape="rect" href="$dgeMatrix_8h.html#4aaf5ed4d71841560a06e2eda9da3762" title="dgeMatrix_matrix_solve" alt="" coords="255,157,431,184">
<area shape="rect" href="$dppMatrix_8h.html#0b9f86379aec800872a5267229a7b400" title="dppMatrix_matrix_solve" alt="" coords="255,208,431,235">
<area shape="rect" href="$dspMatrix_8h.html#aa6c019f29f3215d81de78ab81db19c2" title="dspMatrix_matrix_mm" alt="" coords="259,259,427,285">
<area shape="rect" href="$dspMatrix_8h.html#c1c54a26f283497edb9cb22e131ddd77" title="dspMatrix_matrix_solve" alt="" coords="256,309,429,336">
<area shape="rect" href="$dsyMatrix_8h.html#393e873fe2d4db546a6c8b3eeda0507f" title="dsyMatrix_matrix_mm" alt="" coords="259,360,427,387">
<area shape="rect" href="$dsyMatrix_8h.html#729dcefd1ff17369b45dcd4f7feda7ab" title="dsyMatrix_matrix_solve" alt="" coords="256,411,429,437">
<area shape="rect" href="$dtpMatrix_8h.html#b43f823d6979ab9c45b327843e0be102" title="dtpMatrix_matrix_mm" alt="" coords="260,461,425,488">
<area shape="rect" href="$dtpMatrix_8h.html#f136e9ac2f176132d6db91d571ca0209" title="dtpMatrix_matrix_solve" alt="" coords="256,512,429,539">
<area shape="rect" href="$dtrMatrix_8h.html#9b4306ca6eb49f02df3c802c8bec30b9" title="dtrMatrix_matrix_mm" alt="" coords="261,563,424,589">
<area shape="rect" href="$dtrMatrix_8h.html#5d0b56aff85a147c16111f5dc8c78ef5" title="dtrMatrix_matrix_solve" alt="" coords="257,613,428,640">
<area shape="rect" href="$Mutils_8h.html#460951a1f5dadb579d977ba114eec12e" title="mMatrix_as_dgeMatrix" alt="" coords="259,664,427,691">
<area shape="rect" href="$sparseQR_8h.html#614549a94002c7e1407cde03a911e16a" title="sparseQR_coef" alt="" coords="284,715,401,741">
<area shape="rect" href="$sparseQR_8h.html#77c75b1c89f4e32f426420faa76275a9" title="sparseQR_qty" alt="" coords="287,765,399,792">
<area shape="rect" href="$sparseQR_8h.html#43eb94cb27f10aedba5ce50939a9b45c" title="sparseQR_resid_fitted" alt="" coords="261,816,424,843">
<area shape="rect" href="$Csparse_8h.html#ef1a61ab6f25436301b8ee835106c23b" title="Csparse_dense_crossprod" alt="" coords="480,588,669,615">
<area shape="rect" href="$Csparse_8h.html#fec5dcac16fd72028456b98704632f1e" title="Csparse_dense_prod" alt="" coords="497,639,652,665">
<area shape="rect" href="$dgeMatrix_8h.html#cf21cab0cdce9d8e08d40584cbe0647c" title="dgeMatrix_matrix_mm" alt="" coords="491,689,659,716">
<area shape="rect" href="$dsCMatrix_8h.html#e03dda286063199c0f670425084f0f2d" title="dsCMatrix_matrix_solve" alt="" coords="487,740,663,767">
