<area shape="rect" href="$chm__common_8h.html#2e28b03190e5ba5fcb59935cc0a1ea9e" title="Populate ans with the pointers from x and modify its scalar elements accordingly..." alt="" coords="217,5,348,29">
<area shape="rect" href="$chm__common_8h.html#c0b9d7e2006dcf1a8d388954b408d007" title="Populate ans with the pointers from x and modify its scalar elements accordingly..." alt="" coords="215,53,351,77">
<area shape="rect" href="$chm__common_8h.html#7c6132b98d7e38fc876c745c9cc8da2d" title="Populate ans with the pointers from x and modify its scalar elements accordingly..." alt="" coords="217,485,348,509">
<area shape="rect" href="$dgCMatrix_8h.html#d3b5c3bc224c09316427f7e86e4e8a86" title="compressed_to_TMatrix" alt="" coords="203,533,363,557">
<area shape="rect" href="$Mutils_8h.html#574d0797f3bfb4cb555038c8d90cceb8" title="dup_mMatrix_as_dgeMatrix" alt="" coords="192,581,373,605">
<area shape="rect" href="$Mutils_8h.html#23764b1c8334e40406598a0446cc8bc5" title="dup_mMatrix_as_geMatrix" alt="" coords="196,1009,369,1033">
<area shape="rect" href="$cs__utils_8c.html#e015ca3e4a6c1b3a7265208ab035a1c7" title="Create a cs object with the contents of x." alt="" coords="233,792,332,816">
<area shape="rect" href="$cs__utils_8c.html#e53880c709c9977b041217226c202deb" title="Copy the contents of a to an appropriate CsparseMatrix object and, optionally, free..." alt="" coords="213,744,352,768">
<area shape="rect" href="$dgCMatrix_8h.html#c71c15cfb9558156fb98c0f1cad60922" title="R_to_CMatrix" alt="" coords="233,1057,332,1081">
<area shape="rect" href="$Tsparse_8h.html#1b1ca7081cfcbef11f1cafc4270412ed" title="Tsparse_diagU2N" alt="" coords="221,1105,344,1129">
<area shape="rect" href="$init_8c.html#3c984b3c92aeb789d5679e2aae8b8eac" title="R_init_Matrix" alt="" coords="453,5,549,29">
<area shape="rect" href="$Csparse_8h.html#77f654c86c318184ef29b46dc4929e12" title="Csparse_validate" alt="" coords="441,53,561,77">
<area shape="rect" href="$CHMfactor_8h.html#8651ba67f85b2a18a8b2b1b23a392219" title="CHMfactor_solve" alt="" coords="441,437,561,461">
<area shape="rect" href="$dense_8h.html#f57ee72c2df4d7eaca5ecd2084f78747" title="ddense_skewpart" alt="" coords="440,485,563,509">
<area shape="rect" href="$dense_8h.html#270b02ab3c84accb423eaefbe42dfe8b" title="ddense_symmpart" alt="" coords="437,533,565,557">
<area shape="rect" href="$dgCMatrix_8h.html#eae674c1f247043d2e34fe45d4239769" title="dgCMatrix_matrix_solve" alt="" coords="637,944,797,968">
<area shape="rect" href="$dgeMatrix_8h.html#4aaf5ed4d71841560a06e2eda9da3762" title="dgeMatrix_matrix_solve" alt="" coords="421,581,581,605">
<area shape="rect" href="$dppMatrix_8h.html#0b9f86379aec800872a5267229a7b400" title="dppMatrix_matrix_solve" alt="" coords="421,629,581,653">
<area shape="rect" href="$dspMatrix_8h.html#aa6c019f29f3215d81de78ab81db19c2" title="dspMatrix_matrix_mm" alt="" coords="427,677,576,701">
<area shape="rect" href="$dspMatrix_8h.html#c1c54a26f283497edb9cb22e131ddd77" title="dspMatrix_matrix_solve" alt="" coords="421,725,581,749">
<area shape="rect" href="$dsyMatrix_8h.html#393e873fe2d4db546a6c8b3eeda0507f" title="dsyMatrix_matrix_mm" alt="" coords="427,773,576,797">
<area shape="rect" href="$dsyMatrix_8h.html#729dcefd1ff17369b45dcd4f7feda7ab" title="dsyMatrix_matrix_solve" alt="" coords="421,821,581,845">
<area shape="rect" href="$dtpMatrix_8h.html#b43f823d6979ab9c45b327843e0be102" title="dtpMatrix_matrix_mm" alt="" coords="428,869,575,893">
<area shape="rect" href="$dtpMatrix_8h.html#f136e9ac2f176132d6db91d571ca0209" title="dtpMatrix_matrix_solve" alt="" coords="424,101,579,125">
<area shape="rect" href="$dtrMatrix_8h.html#9b4306ca6eb49f02df3c802c8bec30b9" title="dtrMatrix_matrix_mm" alt="" coords="429,149,573,173">
<area shape="rect" href="$dtrMatrix_8h.html#5d0b56aff85a147c16111f5dc8c78ef5" title="dtrMatrix_matrix_solve" alt="" coords="425,197,577,221">
<area shape="rect" href="$Mutils_8h.html#460951a1f5dadb579d977ba114eec12e" title="mMatrix_as_dgeMatrix" alt="" coords="425,245,577,269">
<area shape="rect" href="$sparseQR_8h.html#614549a94002c7e1407cde03a911e16a" title="sparseQR_coef" alt="" coords="445,293,557,317">
<area shape="rect" href="$sparseQR_8h.html#77c75b1c89f4e32f426420faa76275a9" title="sparseQR_qty" alt="" coords="449,341,553,365">
<area shape="rect" href="$sparseQR_8h.html#43eb94cb27f10aedba5ce50939a9b45c" title="sparseQR_resid_fitted" alt="" coords="427,389,576,413">
<area shape="rect" href="$Csparse_8h.html#ef1a61ab6f25436301b8ee835106c23b" title="Csparse_dense_crossprod" alt="" coords="629,269,805,293">
<area shape="rect" href="$Csparse_8h.html#fec5dcac16fd72028456b98704632f1e" title="Csparse_dense_prod" alt="" coords="645,317,789,341">
<area shape="rect" href="$dgeMatrix_8h.html#cf21cab0cdce9d8e08d40584cbe0647c" title="dgeMatrix_matrix_mm" alt="" coords="643,173,792,197">
<area shape="rect" href="$dsCMatrix_8h.html#e03dda286063199c0f670425084f0f2d" title="dsCMatrix_matrix_solve" alt="" coords="637,221,797,245">
<area shape="rect" href="$dense_8h.html#fc94ab69278e25ef4ea5ed5ba90935c3" title="dense_band" alt="" coords="456,1064,547,1088">
<area shape="rect" href="$dense_8h.html#389bdf26bd829335d25dffb4244c9ae6" title="dense_to_symmetric" alt="" coords="431,1112,572,1136">
<area shape="rect" href="$Mutils_8h.html#623039270a92fce0643031ef7f6e72b2" title="mMatrix_as_geMatrix" alt="" coords="428,1160,575,1184">
<area shape="rect" href="$dense_8h.html#33b46f3a16a95734d4875ddfbfa079cb" title="dense_to_Csparse" alt="" coords="653,1160,781,1184">
<area shape="rect" href="$dgCMatrix_8h.html#fbcd07ccafaa2ee0299b8d1972748a9c" title="dgCMatrix_LU" alt="" coords="449,968,553,992">
<area shape="rect" href="$dgCMatrix_8h.html#2d37aad3c93e57b6dbafbf8a337273e8" title="dgCMatrix_QR" alt="" coords="448,1016,555,1040">
