<area shape="rect" href="$chm__common_8h.html" title="chm_common.h" alt="" coords="1435,81,1549,105">
<area shape="rect" href="$chm__common_8c.html" title="chm_common.c" alt="" coords="1076,156,1191,180">
<area shape="rect" href="$CHMfactor_8h.html" title="CHMfactor.h" alt="" coords="1991,156,2084,180">
<area shape="rect" href="$init_8c.html" title="init.c" alt="" coords="1796,305,1844,329">
<area shape="rect" href="$dense_8c.html" title="dense.c" alt="" coords="1215,156,1281,180">
<area shape="rect" href="$dsCMatrix_8h.html" title="dsCMatrix.h" alt="" coords="516,156,607,180">
<area shape="rect" href="$dtTMatrix_8h.html" title="dtTMatrix.h" alt="" coords="1305,156,1393,180">
<area shape="rect" href="$cs__utils_8h.html" title="cs_utils.h" alt="" coords="181,81,259,105">
<area shape="rect" href="$dgCMatrix_8h.html" title="dgCMatrix.h" alt="" coords="175,156,265,180">
<area shape="rect" href="$dtCMatrix_8h.html" title="dtCMatrix.h" alt="" coords="45,231,133,255">
<area shape="rect" href="$sparseQR_8h.html" title="sparseQR.h" alt="" coords="401,156,492,180">
<area shape="rect" href="$Csparse_8h.html" title="Csparse.h" alt="" coords="655,81,735,105">
<area shape="rect" href="$Tsparse_8h.html" title="Tsparse.h" alt="" coords="1623,81,1700,105">
<area shape="rect" href="$dgeMatrix_8h.html" title="dgeMatrix.h" alt="" coords="3012,81,3100,105">
<area shape="rect" href="$dppMatrix_8h.html" title="dppMatrix.h" alt="" coords="3215,231,3303,255">
<area shape="rect" href="$dgTMatrix_8h.html" title="dgTMatrix.h" alt="" coords="1808,81,1899,105">
<area shape="rect" href="$dpoMatrix_8h.html" title="dpoMatrix.h" alt="" coords="2599,81,2687,105">
<area shape="rect" href="$dsyMatrix_8h.html" title="dsyMatrix.h" alt="" coords="2405,81,2493,105">
<area shape="rect" href="$dtpMatrix_8h.html" title="dtpMatrix.h" alt="" coords="812,81,897,105">
<area shape="rect" href="$dtrMatrix_8h.html" title="dtrMatrix.h" alt="" coords="2279,81,2361,105">
<area shape="rect" href="$factorizations_8h.html" title="factorizations.h" alt="" coords="984,81,1093,105">
<area shape="rect" href="$TMatrix__as_8h.html" title="TMatrix_as.h" alt="" coords="2073,81,2169,105">
<area shape="rect" href="$ldense_8h.html" title="ldense.h" alt="" coords="2740,81,2809,105">
<area shape="rect" href="$lgCMatrix_8h.html" title="lgCMatrix.h" alt="" coords="289,156,377,180">
<area shape="rect" href="$Mutils_8c.html" title="Mutils.c" alt="" coords="3281,81,3348,105">
<area shape="rect" href="$Csparse_8c.html" title="Csparse.c" alt="" coords="1468,156,1548,180">
<area shape="rect" href="$dgCMatrix_8c.html" title="dgCMatrix.c" alt="" coords="701,231,792,255">
<area shape="rect" href="$dgTMatrix_8c.html" title="dgTMatrix.c" alt="" coords="1775,156,1865,180">
<area shape="rect" href="$Tsparse_8c.html" title="Tsparse.c" alt="" coords="1623,156,1700,180">
<area shape="rect" href="$CHMfactor_8c.html" title="CHMfactor.c" alt="" coords="1940,231,2033,255">
<area shape="rect" href="$dsCMatrix_8c.html" title="dsCMatrix.c" alt="" coords="536,231,627,255">
<area shape="rect" href="$dtTMatrix_8c.html" title="dtTMatrix.c" alt="" coords="1540,231,1628,255">
<area shape="rect" href="$cs__utils_8c.html" title="cs_utils.c" alt="" coords="73,156,151,180">
<area shape="rect" href="$dtCMatrix_8c.html" title="dtCMatrix.c" alt="" coords="5,305,93,329">
<area shape="rect" href="$lgCMatrix_8c.html" title="lgCMatrix.c" alt="" coords="208,231,296,255">
<area shape="rect" href="$sparseQR_8c.html" title="sparseQR.c" alt="" coords="421,231,512,255">
<area shape="rect" href="$dgeMatrix_8c.html" title="dgeMatrix.c" alt="" coords="3068,156,3156,180">
<area shape="rect" href="$dspMatrix_8h.html" title="dspMatrix.h" alt="" coords="2956,156,3044,180">
<area shape="rect" href="$dspMatrix_8c.html" title="dspMatrix.c" alt="" coords="2956,231,3044,255">
<area shape="rect" href="$dppMatrix_8c.html" title="dppMatrix.c" alt="" coords="3215,305,3303,329">
<area shape="rect" href="$dpoMatrix_8c.html" title="dpoMatrix.c" alt="" coords="2599,156,2687,180">
<area shape="rect" href="$dsyMatrix_8c.html" title="dsyMatrix.c" alt="" coords="2487,156,2575,180">
<area shape="rect" href="$dtpMatrix_8c.html" title="dtpMatrix.c" alt="" coords="732,156,817,180">
<area shape="rect" href="$dtrMatrix_8c.html" title="dtrMatrix.c" alt="" coords="2279,156,2361,180">
<area shape="rect" href="$factorizations_8c.html" title="factorizations.c" alt="" coords="892,156,1001,180">
<area shape="rect" href="$TMatrix__as_8c.html" title="TMatrix_as.c" alt="" coords="2159,156,2255,180">
<area shape="rect" href="$ldense_8c.html" title="ldense.c" alt="" coords="2812,156,2881,180">
