<area shape="rect" href="$dgCMatrix_8h.html#fbcd07ccafaa2ee0299b8d1972748a9c" title="dgCMatrix_LU" alt="" coords="144,54,248,78">
<area shape="rect" href="$dgeMatrix_8h.html#b666ff2da2d98c91e4842dd563ac945f" title="dgeMatrix_LU" alt="" coords="145,150,247,174">
<area shape="rect" href="$dpoMatrix_8h.html#a951f7c9871735266da55e7d92a6ae58" title="dpoMatrix_chol" alt="" coords="141,366,251,390">
<area shape="rect" href="$dppMatrix_8h.html#6111600bf96735d9b39d5bc193203b31" title="dppMatrix_chol" alt="" coords="141,510,251,534">
<area shape="rect" href="$dspMatrix_8h.html#54f1c211fe36a020c613498e295f6365" title="dspMatrix_trf" alt="" coords="148,654,244,678">
<area shape="rect" href="$dsyMatrix_8h.html#e436ba23f7410148775ce808f08d1210" title="dsyMatrix_trf" alt="" coords="148,798,244,822">
<area shape="rect" href="$dgCMatrix_8h.html#eae674c1f247043d2e34fe45d4239769" title="dgCMatrix_matrix_solve" alt="" coords="309,6,469,30">
<area shape="rect" href="$dgeMatrix_8h.html#ebb502aae0db4698b17a88c6c0f0ec39" title="dgeMatrix_determinant" alt="" coords="313,54,465,78">
<area shape="rect" href="$dgeMatrix_8h.html#4aaf5ed4d71841560a06e2eda9da3762" title="dgeMatrix_matrix_solve" alt="" coords="309,102,469,126">
<area shape="rect" href="$dgeMatrix_8h.html#c4f1b4b19a004fb62c9cb68ccb1028ea" title="dgeMatrix_rcond" alt="" coords="331,150,448,174">
<area shape="rect" href="$dgeMatrix_8h.html#8f0564cd095a4415738ef1ad8d537da1" title="dgeMatrix_solve" alt="" coords="332,198,447,222">
<area shape="rect" href="$dpoMatrix_8h.html#6fdf4fea856fcb48318714aaa43375d5" title="dpoMatrix_dgeMatrix_solve" alt="" coords="300,246,479,270">
<area shape="rect" href="$dpoMatrix_8h.html#915278646a8dc39fbffe059c53d19569" title="dpoMatrix_matrix_solve" alt="" coords="309,294,469,318">
<area shape="rect" href="$dpoMatrix_8h.html#e4b3c6190a4d12048befb3d3110c2377" title="dpoMatrix_rcond" alt="" coords="331,342,448,366">
<area shape="rect" href="$dpoMatrix_8h.html#cc9a68e6726285aaea483c6652019d47" title="dpoMatrix_solve" alt="" coords="332,390,447,414">
<area shape="rect" href="$init_8c.html#3c984b3c92aeb789d5679e2aae8b8eac" title="R_init_Matrix" alt="" coords="341,438,437,462">
<area shape="rect" href="$dppMatrix_8h.html#0b9f86379aec800872a5267229a7b400" title="dppMatrix_matrix_solve" alt="" coords="309,486,469,510">
<area shape="rect" href="$dppMatrix_8h.html#192a0f023f8f371c79a98364ac64dfb7" title="dppMatrix_rcond" alt="" coords="331,534,448,558">
<area shape="rect" href="$dppMatrix_8h.html#1b051e90cad1589623960a42821aae55" title="dppMatrix_solve" alt="" coords="332,582,447,606">
<area shape="rect" href="$dspMatrix_8h.html#c1c54a26f283497edb9cb22e131ddd77" title="dspMatrix_matrix_solve" alt="" coords="309,630,469,654">
<area shape="rect" href="$dspMatrix_8h.html#59ebaefdeb2938d058c5924ec3863d19" title="dspMatrix_rcond" alt="" coords="331,678,448,702">
<area shape="rect" href="$dspMatrix_8h.html#caf6254dcf4a732af2c400882db76d69" title="dspMatrix_solve" alt="" coords="332,726,447,750">
<area shape="rect" href="$dsyMatrix_8h.html#729dcefd1ff17369b45dcd4f7feda7ab" title="dsyMatrix_matrix_solve" alt="" coords="309,774,469,798">
<area shape="rect" href="$dsyMatrix_8h.html#b262747a9bb8df9b06e3c234260dd92b" title="dsyMatrix_rcond" alt="" coords="331,822,448,846">
<area shape="rect" href="$dsyMatrix_8h.html#ae157f861f04cdf7e60f1ce5f5e9c96d" title="dsyMatrix_solve" alt="" coords="332,870,447,894">
